### BTest baseline data generated by btest-diff. Do not edit. Use "btest -U/-u" to update. Requires BTest >= 0.63.
########## mDNS PACKAGE TEST START ##########
1. fddd:ed18:f05b:0:54d1:338c:9802:7ad9:5353/udp -> ff02::fb:5353/udp
2. 192.168.1.144:5353/udp -> 224.0.0.251:5353/udp
3. 192.168.1.150:5353/udp -> 224.0.0.251:5353/udp
4. 192.168.1.150:5353/udp -> 224.0.0.251:5353/udp
5. 192.168.1.150:5353/udp -> 224.0.0.251:5353/udp
6. 192.168.1.150:5353/udp -> 224.0.0.251:5353/udp
7. 192.168.1.150:5353/udp -> 224.0.0.251:5353/udp
8. 192.168.1.150:5353/udp -> 224.0.0.251:5353/udp
9. 192.168.1.150:5353/udp -> 224.0.0.251:5353/udp
10. 192.168.1.150:5353/udp -> 224.0.0.251:5353/udp
11. 192.168.1.150:5353/udp -> 224.0.0.251:5353/udp
12. 192.168.1.150:5353/udp -> 224.0.0.251:5353/udp
13. 192.168.1.150:5353/udp -> 224.0.0.251:5353/udp
14. 192.168.1.150:5353/udp -> 224.0.0.251:5353/udp
15. 192.168.1.150:5353/udp -> 224.0.0.251:5353/udp
16. 192.168.1.150:5353/udp -> 224.0.0.251:5353/udp
17. fe80::52dc:e7ff:fea2:d895:5353/udp -> ff02::fb:5353/udp
18. fe80::52dc:e7ff:fea2:d895:5353/udp -> ff02::fb:5353/udp
19. 192.168.1.150:5353/udp -> 224.0.0.251:5353/udp
20. 192.168.1.150:5353/udp -> 224.0.0.251:5353/udp
21. fe80::52dc:e7ff:fea2:d895:5353/udp -> ff02::fb:5353/udp
22. fe80::52dc:e7ff:fea2:d895:5353/udp -> ff02::fb:5353/udp
23. 192.168.1.150:5353/udp -> 224.0.0.251:5353/udp
24. 192.168.1.150:5353/udp -> 224.0.0.251:5353/udp
25. fe80::52dc:e7ff:fea2:d895:5353/udp -> ff02::fb:5353/udp
26. fe80::52dc:e7ff:fea2:d895:5353/udp -> ff02::fb:5353/udp
27. 192.168.1.150:5353/udp -> 224.0.0.251:5353/udp
28. 192.168.1.150:5353/udp -> 224.0.0.251:5353/udp
29. fe80::52dc:e7ff:fea2:d895:5353/udp -> ff02::fb:5353/udp
30. fe80::52dc:e7ff:fea2:d895:5353/udp -> ff02::fb:5353/udp
31. 192.168.1.150:5353/udp -> 224.0.0.251:5353/udp
32. 192.168.1.150:5353/udp -> 224.0.0.251:5353/udp
33. fe80::52dc:e7ff:fea2:d895:5353/udp -> ff02::fb:5353/udp
34. fe80::52dc:e7ff:fea2:d895:5353/udp -> ff02::fb:5353/udp
35. 192.168.1.150:5353/udp -> 224.0.0.251:5353/udp
36. 192.168.1.150:5353/udp -> 224.0.0.251:5353/udp
37. fe80::52dc:e7ff:fea2:d895:5353/udp -> ff02::fb:5353/udp
38. fe80::52dc:e7ff:fea2:d895:5353/udp -> ff02::fb:5353/udp
39. 192.168.1.150:5353/udp -> 224.0.0.251:5353/udp
40. 192.168.1.150:5353/udp -> 224.0.0.251:5353/udp
41. 192.168.1.150:5353/udp -> 224.0.0.251:5353/udp
42. 192.168.1.150:5353/udp -> 224.0.0.251:5353/udp
43. 192.168.1.150:5353/udp -> 224.0.0.251:5353/udp
44. 192.168.1.150:5353/udp -> 224.0.0.251:5353/udp
45. 192.168.1.150:5353/udp -> 224.0.0.251:5353/udp
46. 192.168.1.150:5353/udp -> 224.0.0.251:5353/udp
47. 192.168.1.150:5353/udp -> 224.0.0.251:5353/udp
48. 192.168.1.150:5353/udp -> 224.0.0.251:5353/udp
49. fe80::52dc:e7ff:fea2:d895:5353/udp -> ff02::fb:5353/udp
50. fe80::52dc:e7ff:fea2:d895:5353/udp -> ff02::fb:5353/udp
51. 192.168.1.150:5353/udp -> 224.0.0.251:5353/udp
52. 192.168.1.150:5353/udp -> 224.0.0.251:5353/udp
53. 192.168.1.150:5353/udp -> 224.0.0.251:5353/udp
54. 192.168.1.150:5353/udp -> 224.0.0.251:5353/udp
55. fe80::52dc:e7ff:fea2:d895:5353/udp -> ff02::fb:5353/udp
56. fe80::52dc:e7ff:fea2:d895:5353/udp -> ff02::fb:5353/udp
57. 192.168.1.150:5353/udp -> 224.0.0.251:5353/udp
58. 192.168.1.150:5353/udp -> 224.0.0.251:5353/udp
59. fe80::52dc:e7ff:fea2:d895:5353/udp -> ff02::fb:5353/udp
60. fe80::52dc:e7ff:fea2:d895:5353/udp -> ff02::fb:5353/udp
61. 192.168.1.150:5353/udp -> 224.0.0.251:5353/udp
62. 192.168.1.150:5353/udp -> 224.0.0.251:5353/udp
63. 192.168.1.150:5353/udp -> 224.0.0.251:5353/udp
64. 192.168.1.150:5353/udp -> 224.0.0.251:5353/udp
65. fe80::52dc:e7ff:fea2:d895:5353/udp -> ff02::fb:5353/udp
66. fe80::52dc:e7ff:fea2:d895:5353/udp -> ff02::fb:5353/udp
67. 192.168.1.222:5353/udp -> 224.0.0.251:5353/udp
68. 192.168.1.222:5353/udp -> 224.0.0.251:5353/udp
69. 192.168.1.222:5353/udp -> 224.0.0.251:5353/udp
70. 192.168.1.222:5353/udp -> 224.0.0.251:5353/udp
71. 192.168.1.150:5353/udp -> 224.0.0.251:5353/udp
72. 192.168.1.150:5353/udp -> 224.0.0.251:5353/udp
73. fe80::52dc:e7ff:fea2:d895:5353/udp -> ff02::fb:5353/udp
74. fe80::52dc:e7ff:fea2:d895:5353/udp -> ff02::fb:5353/udp
75. 192.168.1.222:5353/udp -> 224.0.0.251:5353/udp
76. 192.168.1.222:5353/udp -> 224.0.0.251:5353/udp
77. 192.168.1.222:5353/udp -> 224.0.0.251:5353/udp
78. 192.168.1.222:5353/udp -> 224.0.0.251:5353/udp
79. 192.168.1.222:5353/udp -> 224.0.0.251:5353/udp
80. 192.168.1.222:5353/udp -> 224.0.0.251:5353/udp
81. 192.168.1.222:5353/udp -> 224.0.0.251:5353/udp
82. 192.168.1.222:5353/udp -> 224.0.0.251:5353/udp
83. 192.168.1.222:5353/udp -> 224.0.0.251:5353/udp
84. 192.168.1.222:5353/udp -> 224.0.0.251:5353/udp
85. 192.168.1.222:5353/udp -> 224.0.0.251:5353/udp
86. 192.168.1.222:5353/udp -> 224.0.0.251:5353/udp
87. 192.168.1.222:5353/udp -> 224.0.0.251:5353/udp
88. 192.168.1.222:5353/udp -> 224.0.0.251:5353/udp
89. 192.168.1.222:5353/udp -> 224.0.0.251:5353/udp
90. 192.168.1.222:5353/udp -> 224.0.0.251:5353/udp
91. 192.168.1.222:5353/udp -> 224.0.0.251:5353/udp
########## mDNS PACKAGE TEST STOP ##########
